---
source: tools/plugin-footprint/tests/snapshot.rs
expression: value
---
{
  "invocation": {
    "bytes": 37513,
    "sources": [
      {
        "bytes": 6421,
        "id": "re-analyst",
        "kind": "agent_body"
      },
      {
        "bytes": 11607,
        "id": "doctor",
        "kind": "skill_body"
      },
      {
        "bytes": 19485,
        "id": "ghidra-re-driver",
        "kind": "skill_body"
      }
    ]
  },
  "resident": {
    "bytes": 21670,
    "sources": [
      {
        "bytes": 2359,
        "id": "re-analyst",
        "kind": "agent_frontmatter"
      },
      {
        "bytes": 550,
        "id": "attach_program",
        "kind": "mcp_tool_schema"
      },
      {
        "bytes": 1188,
        "id": "comment",
        "kind": "mcp_tool_schema"
      },
      {
        "bytes": 876,
        "id": "describe_address",
        "kind": "mcp_tool_schema"
      },
      {
        "bytes": 933,
        "id": "find_functions",
        "kind": "mcp_tool_schema"
      },
      {
        "bytes": 879,
        "id": "get_datatype",
        "kind": "mcp_tool_schema"
      },
      {
        "bytes": 958,
        "id": "get_disassembly",
        "kind": "mcp_tool_schema"
      },
      {
        "bytes": 1038,
        "id": "get_xrefs",
        "kind": "mcp_tool_schema"
      },
      {
        "bytes": 1240,
        "id": "inspect_function",
        "kind": "mcp_tool_schema"
      },
      {
        "bytes": 930,
        "id": "list_data_items",
        "kind": "mcp_tool_schema"
      },
      {
        "bytes": 617,
        "id": "list_project_programs",
        "kind": "mcp_tool_schema"
      },
      {
        "bytes": 463,
        "id": "list_segments",
        "kind": "mcp_tool_schema"
      },
      {
        "bytes": 863,
        "id": "list_strings",
        "kind": "mcp_tool_schema"
      },
      {
        "bytes": 1006,
        "id": "list_symbols",
        "kind": "mcp_tool_schema"
      },
      {
        "bytes": 834,
        "id": "read_bytes",
        "kind": "mcp_tool_schema"
      },
      {
        "bytes": 685,
        "id": "rename",
        "kind": "mcp_tool_schema"
      },
      {
        "bytes": 339,
        "id": "resolve_symbol",
        "kind": "mcp_tool_schema"
      },
      {
        "bytes": 990,
        "id": "set_datatype",
        "kind": "mcp_tool_schema"
      },
      {
        "bytes": 1725,
        "id": "set_local",
        "kind": "mcp_tool_schema"
      },
      {
        "bytes": 2305,
        "id": "set_prototype",
        "kind": "mcp_tool_schema"
      },
      {
        "bytes": 642,
        "id": "doctor",
        "kind": "skill_frontmatter"
      },
      {
        "bytes": 250,
        "id": "ghidra-re-driver",
        "kind": "skill_frontmatter"
      }
    ]
  }
}
